BVRIT@IT-LAB-65 MINGW64 /d/localrepo
$ git init
Initialized empty Git repository in D:/localrepo/.git/

BVRIT@IT-LAB-65 MINGW64 /d/localrepo (master)
$ git remote add origin "https://github.com/jangampranay50/bvritrepo.git"

BVRIT@IT-LAB-65 MINGW64 /d/localrepo (master)
$ git pull origin master
remote: Enumerating objects: 64, done.
remote: Counting objects: 100% (64/64), done.
remote: Compressing objects: 100% (41/41), done.
remote: Total 64 (delta 5), reused 61 (delta 2), pack-reused 0
Unpacking objects: 100% (64/64), done.
From https://github.com/jangampranay50/bvritrepo
 * branch            master     -> FETCH_HEAD
 * [new branch]      master     -> origin/master

BVRIT@IT-LAB-65 MINGW64 /d/localrepo (master)
$ git status
On branch master
Untracked files:
  (use "git add <file>..." to include in what will be committed)

        PMS/src/main/java/com/cg/ui/Sample.java.txt

nothing added to commit but untracked files present (use "git add" to track)

BVRIT@IT-LAB-65 MINGW64 /d/localrepo (master)
$ git add Sanple.java.txt
fatal: pathspec 'Sanple.java.txt' did not match any files

BVRIT@IT-LAB-65 MINGW64 /d/localrepo (master)
$ git add Sample.java.txt
fatal: pathspec 'Sample.java.txt' did not match any files

BVRIT@IT-LAB-65 MINGW64 /d/localrepo (master)
$ cd "D:\localrepo\PMS\src\main\java\com\cg\ui"

BVRIT@IT-LAB-65 MINGW64 /d/localrepo/PMS/src/main/java/com/cg/ui (master)
$

BVRIT@IT-LAB-65 MINGW64 /d/localrepo/PMS/src/main/java/com/cg/ui (master)
$ git status
On branch master
Untracked files:
  (use "git add <file>..." to include in what will be committed)

        Sample.java.txt

nothing added to commit but untracked files present (use "git add" to track)

BVRIT@IT-LAB-65 MINGW64 /d/localrepo/PMS/src/main/java/com/cg/ui (master)
$ git add Sample.java.txt

BVRIT@IT-LAB-65 MINGW64 /d/localrepo/PMS/src/main/java/com/cg/ui (master)
$ git status
On branch master
Changes to be committed:
  (use "git reset HEAD <file>..." to unstage)

        new file:   Sample.java.txt


BVRIT@IT-LAB-65 MINGW64 /d/localrepo/PMS/src/main/java/com/cg/ui (master)
$ git commit Sample.java.txt -m "commiting Sample file"

*** Please tell me who you are.

Run

  git config --global user.email "you@example.com"
  git config --global user.name "Your Name"

to set your account's default identity.
Omit --global to set the identity only in this repository.

fatal: unable to auto-detect email address (got 'BVRIT@IT-LAB-65.(none)')

BVRIT@IT-LAB-65 MINGW64 /d/localrepo/PMS/src/main/java/com/cg/ui (master)
$ git status
On branch master
Changes to be committed:
  (use "git reset HEAD <file>..." to unstage)

        new file:   Sample.java.txt


BVRIT@IT-LAB-65 MINGW64 /d/localrepo/PMS/src/main/java/com/cg/ui (master)
$ ^C

BVRIT@IT-LAB-65 MINGW64 /d/localrepo/PMS/src/main/java/com/cg/ui (master)
$ git push -u origin master
Everything up-to-date
Branch 'master' set up to track remote branch 'master' from 'origin'.

BVRIT@IT-LAB-65 MINGW64 /d/localrepo/PMS/src/main/java/com/cg/ui (master)
$  git config --global user.email "jangampranay50"

BVRIT@IT-LAB-65 MINGW64 /d/localrepo/PMS/src/main/java/com/cg/ui (master)
$  git config --global user.email "jangampranay50@gmail.com"

BVRIT@IT-LAB-65 MINGW64 /d/localrepo/PMS/src/main/java/com/cg/ui (master)
$  git config --global user.name "jangampranay50"

BVRIT@IT-LAB-65 MINGW64 /d/localrepo/PMS/src/main/java/com/cg/ui (master)
$ git commit Sample.java.txt -m "commiting Sample file"
[master 472f61b] commiting Sample file
 1 file changed, 0 insertions(+), 0 deletions(-)
 create mode 100644 PMS/src/main/java/com/cg/ui/Sample.java.txt

BVRIT@IT-LAB-65 MINGW64 /d/localrepo/PMS/src/main/java/com/cg/ui (master)
$ git push -u origin master
Enumerating objects: 18, done.
Counting objects: 100% (18/18), done.
Delta compression using up to 4 threads
Compressing objects: 100% (4/4), done.
Writing objects: 100% (10/10), 639 bytes | 319.00 KiB/s, done.
Total 10 (delta 2), reused 0 (delta 0)
remote: Resolving deltas: 100% (2/2), completed with 2 local objects.
To https://github.com/jangampranay50/bvritrepo.git
   54b2bc0..472f61b  master -> master
Branch 'master' set up to track remote branch 'master' from 'origin'.

BVRIT@IT-LAB-65 MINGW64 /d/localrepo/PMS/src/main/java/com/cg/ui (master)
$ rm Sample.java.txt

BVRIT@IT-LAB-65 MINGW64 /d/localrepo/PMS/src/main/java/com/cg/ui (master)
$ git commit Sample.java.txt -m "commiting Sample file"
[master 1274137] commiting Sample file
 1 file changed, 0 insertions(+), 0 deletions(-)
 delete mode 100644 PMS/src/main/java/com/cg/ui/Sample.java.txt

BVRIT@IT-LAB-65 MINGW64 /d/localrepo/PMS/src/main/java/com/cg/ui (master)
$ git push -u origin master
Enumerating objects: 17, done.
Counting objects: 100% (17/17), done.
Delta compression using up to 4 threads
Compressing objects: 100% (4/4), done.
Writing objects: 100% (9/9), 541 bytes | 541.00 KiB/s, done.
Total 9 (delta 3), reused 0 (delta 0)
remote: Resolving deltas: 100% (3/3), completed with 3 local objects.
To https://github.com/jangampranay50/bvritrepo.git
   472f61b..1274137  master -> master
Branch 'master' set up to track remote branch 'master' from 'origin'.

BVRIT@IT-LAB-65 MINGW64 /d/localrepo/PMS/src/main/java/com/cg/ui (master)
$
